// Vitest Snapshot v1, https://vitest.dev/guide/snapshot.html

exports[`mass-start status — per-category snapshot > pins how each status notation is parsed 1`] = `
[
  {
    "elapsedText": "2:39:06",
    "gapText": "0:00",
    "isFinisher": true,
    "lapsDone": null,
    "lapsDown": null,
    "lapsTotal": null,
    "lastCheckpoint": "FINISH",
    "name": "Finisher",
    "status": "FINISH",
    "statusText": null,
  },
  {
    "elapsedText": "1:50:00",
    "gapText": "+0:30",
    "isFinisher": false,
    "lapsDone": 5,
    "lapsDown": null,
    "lapsTotal": null,
    "lastCheckpoint": null,
    "name": "Runner",
    "status": "RUNNING",
    "statusText": null,
  },
  {
    "elapsedText": "-:--:--",
    "gapText": "0:00",
    "isFinisher": false,
    "lapsDone": 0,
    "lapsDown": null,
    "lapsTotal": null,
    "lastCheckpoint": null,
    "name": "PreStart",
    "status": "WAIT",
    "statusText": null,
  },
  {
    "elapsedText": "-:--:--",
    "gapText": "-:--",
    "isFinisher": false,
    "lapsDone": null,
    "lapsDown": null,
    "lapsTotal": null,
    "lastCheckpoint": null,
    "name": "DnsRider",
    "status": "DNS",
    "statusText": "DNS",
  },
  {
    "elapsedText": "-:--:--",
    "gapText": "-:--",
    "isFinisher": false,
    "lapsDone": null,
    "lapsDown": null,
    "lapsTotal": null,
    "lastCheckpoint": null,
    "name": "DnfRider",
    "status": "DNF",
    "statusText": "DNF",
  },
  {
    "elapsedText": "2:02:31",
    "gapText": "-2周",
    "isFinisher": false,
    "lapsDone": 4,
    "lapsDown": 2,
    "lapsTotal": 6,
    "lastCheckpoint": "SP1",
    "name": "Lapped",
    "status": "RUNNING",
    "statusText": null,
  },
  {
    "elapsedText": "2:50:00",
    "gapText": "+11:00",
    "isFinisher": false,
    "lapsDone": null,
    "lapsDown": null,
    "lapsTotal": null,
    "lastCheckpoint": null,
    "name": "OtlRider",
    "status": "UNKNOWN",
    "statusText": "OTL",
  },
  {
    "elapsedText": "-:--:--",
    "gapText": "-:--",
    "isFinisher": false,
    "lapsDone": null,
    "lapsDown": null,
    "lapsTotal": null,
    "lastCheckpoint": null,
    "name": "RetireJp",
    "status": "UNKNOWN",
    "statusText": "リタイア",
  },
  {
    "elapsedText": "1:30:00",
    "gapText": "-:--",
    "isFinisher": false,
    "lapsDone": null,
    "lapsDown": null,
    "lapsTotal": null,
    "lastCheckpoint": null,
    "name": "DismountJp",
    "status": "UNKNOWN",
    "statusText": "降車",
  },
]
`;
