// Vitest Snapshot v1, https://vitest.dev/guide/snapshot.html

exports[`全日本ロード (real MU-R) — extraction > snapshots the leaders + lap-down riders exactly as extracted 1`] = `
{
  "firstThreeLapDown": [
    {
      "elapsedText": "2:57:30.589",
      "gapMs": null,
      "gapText": "-2周",
      "isFinisher": false,
      "lapsDone": 12,
      "lapsDown": 2,
      "lastCheckpoint": null,
      "name": "加藤　快介",
      "officialRank": 23,
      "status": "RUNNING",
    },
    {
      "elapsedText": "2:57:39.357",
      "gapMs": null,
      "gapText": "-2周",
      "isFinisher": false,
      "lapsDone": 12,
      "lapsDown": 2,
      "lastCheckpoint": null,
      "name": "金井　健翔",
      "officialRank": 24,
      "status": "RUNNING",
    },
    {
      "elapsedText": "2:58:41.772",
      "gapMs": null,
      "gapText": "-2周",
      "isFinisher": false,
      "lapsDone": 12,
      "lapsDown": 2,
      "lastCheckpoint": null,
      "name": "辻野　壱哉",
      "officialRank": 25,
      "status": "RUNNING",
    },
  ],
  "lapsTotal": null,
  "raceShape": "mass_start",
  "riderCount": 100,
  "top8": [
    {
      "elapsedText": "3:20:55.580",
      "gapMs": 0,
      "gapText": "0:00.000",
      "isFinisher": false,
      "lapsDone": 14,
      "lapsDown": null,
      "lastCheckpoint": null,
      "name": "森田　叶夢",
      "officialRank": 1,
      "status": "RUNNING",
    },
    {
      "elapsedText": "3:20:56.704",
      "gapMs": 1124,
      "gapText": "+0:01.124",
      "isFinisher": false,
      "lapsDone": 14,
      "lapsDown": null,
      "lastCheckpoint": null,
      "name": "橋川　丈",
      "officialRank": 2,
      "status": "RUNNING",
    },
    {
      "elapsedText": "3:22:07.419",
      "gapMs": 71839,
      "gapText": "+1:11.839",
      "isFinisher": false,
      "lapsDone": 14,
      "lapsDown": null,
      "lastCheckpoint": null,
      "name": "松井　丈治",
      "officialRank": 3,
      "status": "RUNNING",
    },
    {
      "elapsedText": "3:22:13.302",
      "gapMs": 77722,
      "gapText": "+1:17.722",
      "isFinisher": false,
      "lapsDone": 14,
      "lapsDown": null,
      "lastCheckpoint": null,
      "name": "阿部　源",
      "officialRank": 4,
      "status": "RUNNING",
    },
    {
      "elapsedText": "3:23:27.721",
      "gapMs": 152141,
      "gapText": "+2:32.141",
      "isFinisher": false,
      "lapsDone": 14,
      "lapsDown": null,
      "lastCheckpoint": null,
      "name": "永井　健太",
      "officialRank": 5,
      "status": "RUNNING",
    },
    {
      "elapsedText": "3:23:29.489",
      "gapMs": 153909,
      "gapText": "+2:33.909",
      "isFinisher": false,
      "lapsDone": 14,
      "lapsDown": null,
      "lastCheckpoint": null,
      "name": "奥田　和人",
      "officialRank": 6,
      "status": "RUNNING",
    },
    {
      "elapsedText": "3:23:29.521",
      "gapMs": 153941,
      "gapText": "+2:33.941",
      "isFinisher": false,
      "lapsDone": 14,
      "lapsDown": null,
      "lastCheckpoint": null,
      "name": "梅澤　幹太",
      "officialRank": 7,
      "status": "RUNNING",
    },
    {
      "elapsedText": "3:23:30.001",
      "gapMs": 154421,
      "gapText": "+2:34.421",
      "isFinisher": false,
      "lapsDone": 14,
      "lapsDown": null,
      "lastCheckpoint": null,
      "name": "渡辺　一気",
      "officialRank": 8,
      "status": "RUNNING",
    },
  ],
}
`;
